Microchip MPLAB XC8 Compiler V2.36

Linker command line:

-W-3 --edf=C:\Program Files\Microchip\xc8\v2.36\pic\dat\en_msgs.txt -cn \
  -h+dist/default/debug\PIC_Drivers.debug.sym \
  --cmf=dist/default/debug\PIC_Drivers.debug.cmf -z -Q18F4620 \
  -oC:\Users\elkin\AppData\Local\Temp\xcAsgcg.4 --defsym=__MPLAB_BUILD=1 \
  -Mdist/default/debug/PIC_Drivers.debug.map \
  --md=C:\Users\elkin\AppData\Local\Temp\xcAsgcg.dat -E1 -ver=XC8 Compiler \
  --acfsm=1493 -ACODE=00h-0FFFFh -ACONST=00h-0FFFFh \
  -ASMALLCONST=01000h-010FFhx240 -AMEDIUMCONST=01000h-0FFFFh \
  -ACOMRAM=01h-07Fh -AABS1=00h-0F7Fh -ABIGRAM=01h-0F7Fh \
  -ARAM=080h-0FFh,0100h-01FFhx14,0F00h-0F7Fh -ABANK0=080h-0FFh \
  -ABANK1=0100h-01FFh -ABANK2=0200h-02FFh -ABANK3=0300h-03FFh \
  -ABANK4=0400h-04FFh -ABANK5=0500h-05FFh -ABANK6=0600h-06FFh \
  -ABANK7=0700h-07FFh -ABANK8=0800h-08FFh -ABANK9=0900h-09FFh \
  -ABANK10=0A00h-0AFFh -ABANK11=0B00h-0BFFh -ABANK12=0C00h-0CFFh \
  -ABANK13=0D00h-0DFFh -ABANK14=0E00h-0EFFh -ABANK15=0F00h-0F7Fh \
  -ASFR=0F80h-0FFFh -ABIGSFR=0F80h-0FFFh -ACONFIG=0300000h-030000Dh \
  -AIDLOC=0200000h-0200007h -AEEDATA=0F00000h-0F003FFh -peeprom_data=EEDATA \
  -preset_vec=00h,intcode,intcodelo,powerup,init -pramtop=01000h \
  -psmallconst=SMALLCONST -pmediumconst=MEDIUMCONST -pconst=CONST \
  -AFARRAM=00h-00h \
  -prdata=COMRAM,nvrram=COMRAM,nvbit=COMRAM,rbss=COMRAM,rbit=COMRAM \
  -pfarbss=FARRAM,fardata=FARRAM,nvFARRAM=FARRAM \
  -pintsave_regs=BIGRAM,bigbss=BIGRAM,bigdata=BIGRAM -pbss=RAM \
  -pidata=CODE,irdata=CODE,ibigdata=CODE,ifardata=CODE -prparam=COMRAM \
  C:\Users\elkin\AppData\Local\Temp\xcAsgcg.o \
  dist/default/debug\PIC_Drivers.debug.o 

Object code version is 3.11

Machine type is 18F4620



                Name                               Link     Load   Length Selector   Space Scale
C:\Users\elkin\AppData\Local\Temp\xcAsgcg.o
                config                           300000   300000        E        0       4
                init                                  4        4        4        0       0
                reset_vec                             0        0        4        0       0
dist/default/debug\PIC_Drivers.debug.o
                config                           300000   300000        E        0       4
                text10                             FB18     FB18      218     7D8C       0
                text9                              F6C0     F6C0      166     7B60       0
                text8                              F3B4     F3B4        E     79DA       0
                text7                              F4FC     F4FC       C4     7A7E       0
                text6                              F3D2     F3D2       28     79E9       0
                text5                              F3FA     F3FA       28     79FD       0
                text4                              F44E     F44E       4C     7A27       0
                text3                              F5C0     F5C0      100     7AE0       0
                text2                              F826     F826      172     7C13       0
                text1                              FD30     FD30      2D0     7E98       0
                text0                              F998     F998      180     7CCC       0
                cstackCOMRAM                          1        1       2D        1       1
                dataBANK0                            90       90       10       80       1
                bssBANK0                             80       80       10       80       1
                dataCOMRAM                           2E       2E       2B        1       1
                bssCOMRAM                            59       59       24        1       1
                cinit                              F49A     F49A       62     7A4D       0
                idataBANK0                         F3C2     F3C2       10     F3C2       0
                idataCOMRAM                        F423     F423       2B     F423       0

TOTAL           Name                               Link     Load   Length     Space
        CLASS   CODE           
                init                                  4        4        4         0
                reset_vec                             0        0        4         0
                text10                             FB18     FB18      218         0
                text9                              F6C0     F6C0      166         0
                text8                              F3B4     F3B4        E         0
                text7                              F4FC     F4FC       C4         0
                text6                              F3D2     F3D2       28         0
                text5                              F3FA     F3FA       28         0
                text4                              F44E     F44E       4C         0
                text3                              F5C0     F5C0      100         0
                text2                              F826     F826      172         0
                text1                              FD30     FD30      2D0         0
                text0                              F998     F998      180         0
                cinit                              F49A     F49A       62         0
                idataBANK0                         F3C2     F3C2       10         0
                idataCOMRAM                        F423     F423       2B         0

        CLASS   CONST          

        CLASS   SMALLCONST     

        CLASS   MEDIUMCONST    

        CLASS   COMRAM         
                cstackCOMRAM                          1        1       2D         1
                dataCOMRAM                           2E       2E       2B         1
                bssCOMRAM                            59       59       24         1

        CLASS   ABS1           

        CLASS   BIGRAM         

        CLASS   RAM            

        CLASS   BANK0          
                dataBANK0                            90       90       10         1
                bssBANK0                             80       80       10         1

        CLASS   BANK1          

        CLASS   BANK2          

        CLASS   BANK3          

        CLASS   BANK4          

        CLASS   BANK5          

        CLASS   BANK6          

        CLASS   BANK7          

        CLASS   BANK8          

        CLASS   BANK9          

        CLASS   BANK10         

        CLASS   BANK11         

        CLASS   BANK12         

        CLASS   BANK13         

        CLASS   BANK14         

        CLASS   BANK15         

        CLASS   SFR            

        CLASS   BIGSFR         

        CLASS   CONFIG         
                config                           300000   300000        E         4

        CLASS   IDLOC          

        CLASS   EEDATA         

        CLASS   FARRAM         

        CLASS   HEAP           

        CLASS   STACK          



SEGMENTS        Name                           Load    Length   Top    Selector   Space  Class

                reset_vec                      000000  000008  000008         0       0  CODE    
                cstackCOMRAM                   000001  00007C  00007D         1       1  COMRAM  
                bssBANK0                       000080  000020  0000A0        80       1  BANK0   
                text8                          00F3B4  00000E  00F3C2      79DA       0  CODE    
                idataBANK0                     00F3C2  000010  00F3D2      F3C2       0  CODE    
                text6                          00F3D2  000028  00F3FA      79E9       0  CODE    
                text5                          00F3FA  000028  00F422      79FD       0  CODE    
                idataCOMRAM                    00F423  00002B  00F44E      F423       0  CODE    
                text4                          00F44E  00004C  00F49A      7A27       0  CODE    
                cinit                          00F49A  000062  00F4FC      7A4D       0  CODE    
                text7                          00F4FC  0000C4  00F5C0      7A7E       0  CODE    
                text3                          00F5C0  000100  00F6C0      7AE0       0  CODE    
                text9                          00F6C0  000166  00F826      7B60       0  CODE    
                text2                          00F826  000172  00F998      7C13       0  CODE    
                text0                          00F998  000180  00FB18      7CCC       0  CODE    
                text10                         00FB18  000218  00FD30      7D8C       0  CODE    
                text1                          00FD30  0002D0  010000      7E98       0  CODE    


UNUSED ADDRESS RANGES

        Name                Unused          Largest block    Delta
        BANK0            0000A0-0000FF               60
        BANK1            000100-0001FF              100
        BANK10           000A00-000AFF              100
        BANK11           000B00-000BFF              100
        BANK12           000C00-000CFF              100
        BANK13           000D00-000DFF              100
        BANK14           000E00-000EFF              100
        BANK15           000F00-000F7F               80
        BANK2            000200-0002FF              100
        BANK3            000300-0003FF              100
        BANK4            000400-0004FF              100
        BANK5            000500-0005FF              100
        BANK6            000600-0006FF              100
        BANK7            000700-0007FF              100
        BANK8            000800-0008FF              100
        BANK9            000900-0009FF              100
        BIGRAM           00007D-00007F                3
                         0000A0-000F7F              EE0
        BIGSFR           000F80-000FFF               80
        CODE             000008-00F3B3             F3AC
                         00F422-00F422                1
        COMRAM           00007D-00007F                3
        CONST            000008-00F3B3             F3AC
                         00F422-00F422                1
        EEDATA           F00000-F003FF              400
        IDLOC            200000-200007                8
        MEDIUMCONST      001000-00F3B3             E3B4
                         00F422-00F422                1
        RAM              0000A0-000F7F              100
        SFR              000F80-000FFF               80
        SMALLCONST       001000-00F3B3              100
                         00F422-00F422                1

                                  Symbol Table

Relay_initialize@F2876                    bssCOMRAM    00006D
Relay_toggle@F2891                        bssCOMRAM    00006A
Relay_turn_off@F2886                      bssCOMRAM    00006B
Relay_turn_on@F2881                       bssCOMRAM    00006C
__HRAM                                    (abs)        000000
__Habs1                                   abs1         000000
__Hbank0                                  bank0        000000
__Hbank1                                  bank1        000000
__Hbank10                                 bank10       000000
__Hbank11                                 bank11       000000
__Hbank12                                 bank12       000000
__Hbank13                                 bank13       000000
__Hbank14                                 bank14       000000
__Hbank15                                 bank15       000000
__Hbank2                                  bank2        000000
__Hbank3                                  bank3        000000
__Hbank4                                  bank4        000000
__Hbank5                                  bank5        000000
__Hbank6                                  bank6        000000
__Hbank7                                  bank7        000000
__Hbank8                                  bank8        000000
__Hbank9                                  bank9        000000
__Hbigbss                                 bigbss       000000
__Hbigdata                                bigdata      000000
__Hbigram                                 bigram       000000
__Hbigsfr                                 bigsfr       000000
__Hbss                                    bss          000000
__HbssBANK0                               bssBANK0     000000
__HbssCOMRAM                              bssCOMRAM    000000
__Hcinit                                  cinit        000000
__Hclrtext                                clrtext      000000
__Hcomram                                 comram       000000
__Hconfig                                 config       30000E
__Hconst                                  const        000000
__HcstackCOMRAM                           cstackCOMRAM 000000
__Hdata                                   data         000000
__HdataBANK0                              dataBANK0    000000
__HdataCOMRAM                             dataCOMRAM   000000
__Heeprom_data                            eeprom_data  000000
__Hfarbss                                 farbss       000000
__Hfardata                                fardata      000000
__Hheap                                   heap         000000
__Hibigdata                               ibigdata     000000
__Hidata                                  idata        000000
__HidataBANK0                             idataBANK0   000000
__HidataCOMRAM                            idataCOMRAM  000000
__Hidloc                                  idloc        000000
__Hifardata                               ifardata     000000
__Hinit                                   init         000008
__Hintcode                                intcode      000004
__Hintcode_body                           intcode_body 000000
__Hintcodelo                              intcodelo    000004
__Hintentry                               intentry     000000
__Hintret                                 intret       000000
__Hintsave_regs                           intsave_regs 000000
__Hirdata                                 irdata       000000
__Hmediumconst                            mediumconst  000000
__HnvFARRAM                               nvFARRAM     000000
__Hnvbit                                  nvbit        000000
__Hnvrram                                 nvrram       000000
__Hparam                                  rparam       000000
__Hpowerup                                powerup      000004
__Hram                                    ram          000000
__Hramtop                                 ramtop       001000
__Hrbit                                   rbit         000000
__Hrbss                                   rbss         000000
__Hrdata                                  rdata        000000
__Hreset_vec                              reset_vec    000004
__Hrparam                                 rparam       000000
__Hsfr                                    sfr          000000
__Hsmallconst                             smallconst   000000
__Hspace_0                                (abs)        010000
__Hspace_1                                (abs)        0000A0
__Hspace_2                                (abs)        000000
__Hspace_4                                (abs)        60000E
__Hstack                                  stack        000000
__Hstruct                                 struct       000000
__Htemp                                   temp         000000
__Htext                                   text         000000
__Htext0                                  text0        000000
__Htext1                                  text1        000000
__Htext10                                 text10       000000
__Htext2                                  text2        000000
__Htext3                                  text3        000000
__Htext4                                  text4        000000
__Htext5                                  text5        000000
__Htext6                                  text6        000000
__Htext7                                  text7        000000
__Htext8                                  text8        000000
__Htext9                                  text9        000000
__LRAM                                    (abs)        000001
__Labs1                                   abs1         000000
__Lbank0                                  bank0        000000
__Lbank1                                  bank1        000000
__Lbank10                                 bank10       000000
__Lbank11                                 bank11       000000
__Lbank12                                 bank12       000000
__Lbank13                                 bank13       000000
__Lbank14                                 bank14       000000
__Lbank15                                 bank15       000000
__Lbank2                                  bank2        000000
__Lbank3                                  bank3        000000
__Lbank4                                  bank4        000000
__Lbank5                                  bank5        000000
__Lbank6                                  bank6        000000
__Lbank7                                  bank7        000000
__Lbank8                                  bank8        000000
__Lbank9                                  bank9        000000
__Lbigbss                                 bigbss       000000
__Lbigdata                                bigdata      000000
__Lbigram                                 bigram       000000
__Lbigsfr                                 bigsfr       000000
__Lbss                                    bss          000000
__LbssBANK0                               bssBANK0     000000
__LbssCOMRAM                              bssCOMRAM    000000
__Lcinit                                  cinit        000000
__Lclrtext                                clrtext      000000
__Lcomram                                 comram       000000
__Lconfig                                 config       000000
__Lconst                                  const        000000
__LcstackCOMRAM                           cstackCOMRAM 000000
__Ldata                                   data         000000
__LdataBANK0                              dataBANK0    000000
__LdataCOMRAM                             dataCOMRAM   000000
__Leeprom_data                            eeprom_data  000000
__Lfarbss                                 farbss       000000
__Lfardata                                fardata      000000
__Lheap                                   heap         000000
__Libigdata                               ibigdata     000000
__Lidata                                  idata        000000
__LidataBANK0                             idataBANK0   000000
__LidataCOMRAM                            idataCOMRAM  000000
__Lidloc                                  idloc        000000
__Lifardata                               ifardata     000000
__Linit                                   init         000004
__Lintcode                                intcode      000004
__Lintcode_body                           intcode_body 000000
__Lintcodelo                              intcodelo    000004
__Lintentry                               intentry     000000
__Lintret                                 intret       000000
__Lintsave_regs                           intsave_regs 000000
__Lirdata                                 irdata       000000
__Lmediumconst                            mediumconst  000000
__LnvFARRAM                               nvFARRAM     000000
__Lnvbit                                  nvbit        000000
__Lnvrram                                 nvrram       000000
__Lparam                                  rparam       000000
__Lpowerup                                powerup      000004
__Lram                                    ram          000000
__Lramtop                                 ramtop       001000
__Lrbit                                   rbit         000000
__Lrbss                                   rbss         000000
__Lrdata                                  rdata        000000
__Lreset_vec                              reset_vec    000000
__Lrparam                                 rparam       000000
__Lsfr                                    sfr          000000
__Lsmallconst                             smallconst   000000
__Lspace_0                                (abs)        000000
__Lspace_1                                (abs)        000000
__Lspace_2                                (abs)        000000
__Lspace_4                                (abs)        000000
__Lstack                                  stack        000000
__Lstruct                                 struct       000000
__Ltemp                                   temp         000000
__Ltext                                   text         000000
__Ltext0                                  text0        000000
__Ltext1                                  text1        000000
__Ltext10                                 text10       000000
__Ltext2                                  text2        000000
__Ltext3                                  text3        000000
__Ltext4                                  text4        000000
__Ltext5                                  text5        000000
__Ltext6                                  text6        000000
__Ltext7                                  text7        000000
__Ltext8                                  text8        000000
__Ltext9                                  text9        000000
__S0                                      (abs)        010000
__S1                                      (abs)        0000A0
__S4                                      (abs)        000000
__S5                                      (abs)        000000
___heap_hi                                (abs)        000000
___heap_lo                                (abs)        000000
___inthi_sp                               stack        000000
___intlo_sp                               stack        000000
___param_bank                             (abs)        000000
___rparam_used                            (abs)        000001
___sp                                     stack        000000
__accesstop                               (abs)        000080
__activetblptr                            (abs)        000002
__end_of__initialization                  cinit        00F4F2
__end_of_application_initialize           text8        00F3C2
__end_of_gpio_pin_direction_initialize    text10       00FD30
__end_of_gpio_pin_write_logic             text3        00F6C0
__end_of_gpio_port_direction_initialize   text6        00F3FA
__end_of_gpio_port_write_logic            text5        00F422
__end_of_keypad_initialize                text7        00F5C0
__end_of_led_port_initialize              text4        00F49A
__end_of_main                             text0        00FB18
__end_of_rgb_led_initialize               text9        00F826
__end_of_rgb_led_turn_off                 text2        00F998
__end_of_rgb_led_turn_on                  text1        010000
__initialization                          cinit        00F49A
__mediumconst                             mediumconst  000000
__pbssBANK0                               bssBANK0     000080
__pbssCOMRAM                              bssCOMRAM    000059
__pcinit                                  cinit        00F49A
__pcstackCOMRAM                           cstackCOMRAM 000001
__pdataBANK0                              dataBANK0    000090
__pdataCOMRAM                             dataCOMRAM   00002E
__pidataBANK0                             idataBANK0   00F3C2
__pidataCOMRAM                            idataCOMRAM  00F423
__ptext0                                  text0        00F998
__ptext1                                  text1        00FD30
__ptext10                                 text10       00FB18
__ptext2                                  text2        00F826
__ptext3                                  text3        00F5C0
__ptext4                                  text4        00F44E
__ptext5                                  text5        00F3FA
__ptext6                                  text6        00F3D2
__ptext7                                  text7        00F4FC
__ptext8                                  text8        00F3B4
__ptext9                                  text9        00F6C0
__ramtop                                  ramtop       001000
__smallconst                              smallconst   000000
_application_initialize                   text8        00F3B4
_gpio_pin_direction_initialize            text10       00FB18
_gpio_pin_write_logic                     text3        00F5C0
_gpio_port_direction_initialize           text6        00F3D2
_gpio_port_write_logic                    text5        00F3FA
_keypad_initialize                        text7        00F4FC
_lat_regesters                            dataCOMRAM   000038
_led_port_initialize                      text4        00F44E
_local_keypad_chars                       bssBANK0     000080
_main                                     text0        00F998
_port_regesters                           dataCOMRAM   00002E
_rgb_led                                  dataCOMRAM   000055
_rgb_led_initialize                       text9        00F6C0
_rgb_led_turn_off                         text2        00F826
_rgb_led_turn_on                          text1        00FD30
_tris_regesters                           dataCOMRAM   000042
button_initialize@F2880                   bssCOMRAM    000079
button_read_state@F2886                   bssCOMRAM    000078
dc_motor_initialize@F2878                 bssCOMRAM    000077
dc_motor_initialize@F2880                 bssCOMRAM    000076
dc_motor_move_left@F2892                  bssCOMRAM    000073
dc_motor_move_left@F2894                  bssCOMRAM    000072
dc_motor_move_right@F2885                 bssCOMRAM    000075
dc_motor_move_right@F2887                 bssCOMRAM    000074
end_of_initialization                     cinit        00F4F2
gpio_pin_direction_initialize@_pin_config cstackCOMRAM 000001
gpio_pin_write_logic@_pin_config          cstackCOMRAM 000001
gpio_pin_write_logic@logic                cstackCOMRAM 000003
gpio_port_direction_initialize@_port      cstackCOMRAM 000004
gpio_port_direction_initialize@direction  cstackCOMRAM 000001
gpio_port_write_logic@_port               cstackCOMRAM 000004
gpio_port_write_logic@logic               cstackCOMRAM 000001
intlevel0                                 text         000000
intlevel1                                 text         000000
intlevel2                                 text         000000
intlevel3                                 text         000000
isa$std                                   (abs)        000001
isa$xinst                                 (abs)        000000
keypad_initialize@col_counter             cstackCOMRAM 000011
keypad_initialize@keypad                  cstackCOMRAM 000009
keypad_initialize@keypad_chars            cstackCOMRAM 00000B
keypad_initialize@row_counter             cstackCOMRAM 000012
led_initialize@F2888                      bssCOMRAM    000071
led_port_initialize@LEDs                  cstackCOMRAM 000005
led_toggle@F2903                          bssCOMRAM    00006E
led_turn_off@F2898                        bssCOMRAM    00006F
led_turn_on@F2893                         bssCOMRAM    000070
main@F3007                                dataCOMRAM   000054
main@F3009                                dataCOMRAM   00004C
main@F3011                                dataBANK0    000090
main@LEDs1                                cstackCOMRAM 000025
main@keypad                               cstackCOMRAM 000026
main@keypad_chars                         cstackCOMRAM 000015
rgb_led_initialize@F2892                  bssCOMRAM    000069
rgb_led_initialize@F2894                  bssCOMRAM    000068
rgb_led_initialize@F2896                  bssCOMRAM    000067
rgb_led_initialize@RGB_LED                cstackCOMRAM 000009
rgb_led_initialize@blue                   cstackCOMRAM 00000E
rgb_led_initialize@green                  cstackCOMRAM 00000D
rgb_led_initialize@red                    cstackCOMRAM 00000C
rgb_led_turn_off@F2911                    bssCOMRAM    000063
rgb_led_turn_off@F2913                    bssCOMRAM    000062
rgb_led_turn_off@F2915                    bssCOMRAM    000061
rgb_led_turn_off@RGB_LED                  cstackCOMRAM 00000A
rgb_led_turn_off@blue                     cstackCOMRAM 00000F
rgb_led_turn_off@green                    cstackCOMRAM 00000E
rgb_led_turn_off@red                      cstackCOMRAM 00000D
rgb_led_turn_on@F2902                     bssCOMRAM    000066
rgb_led_turn_on@F2904                     bssCOMRAM    000065
rgb_led_turn_on@F2906                     bssCOMRAM    000064
rgb_led_turn_on@RGB_LED                   cstackCOMRAM 00000A
rgb_led_turn_on@blue                      cstackCOMRAM 000011
rgb_led_turn_on@color                     cstackCOMRAM 00000C
rgb_led_turn_on@green                     cstackCOMRAM 000010
rgb_led_turn_on@red                       cstackCOMRAM 00000F
segment_multi_disable@F2912               bssCOMRAM    00007A
segment_multi_enable@F2907                bssCOMRAM    00007B
segment_multi_initialize@F2902            bssCOMRAM    00007C
stackhi                                   (abs)        000000
stacklo                                   (abs)        000000
start                                     init         000004
start_initialization                      cinit        00F49A


MODULE INFORMATION

Module		Function		Class		Link	Load	Size
ECU/RGB_LED/ecu_rgb_led.c
		_rgb_led_turn_off		CODE           	F826	0000	370
		_rgb_led_turn_on		CODE           	FD30	0000	720
		_rgb_led_initialize		CODE           	F6C0	0000	358

ECU/RGB_LED/ecu_rgb_led.c estimated size: 1448

MCAL/GPIO/hal_gpio.c
		_gpio_pin_write_logic		CODE           	F5C0	0000	256
		_gpio_pin_direction_initialize		CODE           	FB18	0000	536
		_gpio_port_direction_initialize		CODE           	F3D2	0000	40
		_gpio_port_write_logic		CODE           	F3FA	0000	40

MCAL/GPIO/hal_gpio.c estimated size: 872

ECU/LED/ecu_led.c
		_led_port_initialize		CODE           	F44E	0000	76

ECU/LED/ecu_led.c estimated size: 76

shared
		__initialization		CODE           	F49A	0000	88

shared estimated size: 88

ECU/Keypad/ecu_keypad.c
		_keypad_initialize		CODE           	F4FC	0000	196

ECU/Keypad/ecu_keypad.c estimated size: 196

application.c
		_application_initialize		CODE           	F3B4	0000	14
		_main          		CODE           	F998	0000	384

application.c estimated size: 398

