Microchip MPLAB XC8 Compiler V2.36

Linker command line:

-W-3 --edf=C:\Program Files\Microchip\xc8\v2.36\pic\dat\en_msgs.txt -cn \
  -h+dist/default/debug\PIC_Drivers.debug.sym \
  --cmf=dist/default/debug\PIC_Drivers.debug.cmf -z -Q18F4620 \
  -oC:\Users\elkin\AppData\Local\Temp\xcAs59c.4 --defsym=__MPLAB_BUILD=1 \
  -Mdist/default/debug/PIC_Drivers.debug.map \
  --md=C:\Users\elkin\AppData\Local\Temp\xcAs59c.dat -E1 -ver=XC8 Compiler \
  --acfsm=1493 -ACODE=00h-0FFFFh -ACONST=00h-0FFFFh \
  -ASMALLCONST=01000h-010FFhx240 -AMEDIUMCONST=01000h-0FFFFh \
  -ACOMRAM=01h-07Fh -AABS1=00h-0F7Fh -ABIGRAM=01h-0F7Fh \
  -ARAM=080h-0FFh,0100h-01FFhx14,0F00h-0F7Fh -ABANK0=080h-0FFh \
  -ABANK1=0100h-01FFh -ABANK2=0200h-02FFh -ABANK3=0300h-03FFh \
  -ABANK4=0400h-04FFh -ABANK5=0500h-05FFh -ABANK6=0600h-06FFh \
  -ABANK7=0700h-07FFh -ABANK8=0800h-08FFh -ABANK9=0900h-09FFh \
  -ABANK10=0A00h-0AFFh -ABANK11=0B00h-0BFFh -ABANK12=0C00h-0CFFh \
  -ABANK13=0D00h-0DFFh -ABANK14=0E00h-0EFFh -ABANK15=0F00h-0F7Fh \
  -ASFR=0F80h-0FFFh -ABIGSFR=0F80h-0FFFh -ACONFIG=0300000h-030000Dh \
  -AIDLOC=0200000h-0200007h -AEEDATA=0F00000h-0F003FFh -peeprom_data=EEDATA \
  -preset_vec=00h,intcode,intcodelo,powerup,init -pramtop=01000h \
  -psmallconst=SMALLCONST -pmediumconst=MEDIUMCONST -pconst=CONST \
  -AFARRAM=00h-00h \
  -prdata=COMRAM,nvrram=COMRAM,nvbit=COMRAM,rbss=COMRAM,rbit=COMRAM \
  -pfarbss=FARRAM,fardata=FARRAM,nvFARRAM=FARRAM \
  -pintsave_regs=BIGRAM,bigbss=BIGRAM,bigdata=BIGRAM -pbss=RAM \
  -pidata=CODE,irdata=CODE,ibigdata=CODE,ifardata=CODE -prparam=COMRAM \
  C:\Users\elkin\AppData\Local\Temp\xcAs59c.o \
  dist/default/debug\PIC_Drivers.debug.o 

Object code version is 3.11

Machine type is 18F4620



                Name                               Link     Load   Length Selector   Space Scale
C:\Users\elkin\AppData\Local\Temp\xcAs59c.o
                config                           300000   300000        E        0       4
                init                                  4        4        4        0       0
                reset_vec                             0        0        4        0       0
dist/default/debug\PIC_Drivers.debug.o
                config                           300000   300000        E        0       4
                smallconst                         1000     1000       1A      800       0
                text26                             101A     101A      222      80D       0
                text25                             19B2     19B2      10A      80D       0
                text24                             2106     2106       A6      80D       0
                text23                             1E2E     1E2E       C2      80D       0
                text22                             1FA8     1FA8       B8      80D       0
                text21                             2410     2410       94      80D       0
                text20                             123C     123C      214      80D       0
                text19                             2060     2060       A6      80D       0
                text18                             1D6C     1D6C       C2      80D       0
                text17                             237A     237A       96      80D       0
                text16                             1450     1450      1F0      80D       0
                text15                             2796     2796       22      80D       0
                text14                             1EF0     1EF0       B8      80D       0
                text13                             2248     2248       9C      80D       0
                text12                             1C8A     1C8A       E2      80D       0
                text11                             262C     262C       80      80D       0
                text10                             18A6     18A6      10C      80D       0
                text9                              1ABC     1ABC       EC      80D       0
                text8                              270E     270E       60      80D       0
                text7                              1640     1640      158      80D       0
                text6                              2528     2528       84      80D       0
                text5                              22E4     22E4       96      80D       0
                text4                              21AC     21AC       9C      80D       0
                text3                              1BA8     1BA8       E2      80D       0
                text2                              25AC     25AC       80      80D       0
                text1                              24A4     24A4       84      80D       0
                text0                              1798     1798      10E      80D       0
                cstackCOMRAM                          1        1       45        1       1
                dataBANK0                            C4       C4       28       80       1
                bssBANK0                             80       80       44       80       1
                dataCOMRAM                           75       75        A        1       1
                bssCOMRAM                            46       46       2F        1       1
                cinit                              26AC     26AC       62      80D       0
                idataBANK0                         276E     276E       28      80D       0
                idataCOMRAM                        27B8     27B8        A      80D       0

TOTAL           Name                               Link     Load   Length     Space
        CLASS   CODE           
                init                                  4        4        4         0
                reset_vec                             0        0        4         0
                text26                             101A     101A      222         0
                text25                             19B2     19B2      10A         0
                text24                             2106     2106       A6         0
                text23                             1E2E     1E2E       C2         0
                text22                             1FA8     1FA8       B8         0
                text21                             2410     2410       94         0
                text20                             123C     123C      214         0
                text19                             2060     2060       A6         0
                text18                             1D6C     1D6C       C2         0
                text17                             237A     237A       96         0
                text16                             1450     1450      1F0         0
                text15                             2796     2796       22         0
                text14                             1EF0     1EF0       B8         0
                text13                             2248     2248       9C         0
                text12                             1C8A     1C8A       E2         0
                text11                             262C     262C       80         0
                text10                             18A6     18A6      10C         0
                text9                              1ABC     1ABC       EC         0
                text8                              270E     270E       60         0
                text7                              1640     1640      158         0
                text6                              2528     2528       84         0
                text5                              22E4     22E4       96         0
                text4                              21AC     21AC       9C         0
                text3                              1BA8     1BA8       E2         0
                text2                              25AC     25AC       80         0
                text1                              24A4     24A4       84         0
                text0                              1798     1798      10E         0
                cinit                              26AC     26AC       62         0
                idataBANK0                         276E     276E       28         0
                idataCOMRAM                        27B8     27B8        A         0

        CLASS   CONST          

        CLASS   SMALLCONST     
                smallconst                         1000     1000       1A         0

        CLASS   MEDIUMCONST    

        CLASS   COMRAM         
                cstackCOMRAM                          1        1       45         1
                dataCOMRAM                           75       75        A         1
                bssCOMRAM                            46       46       2F         1

        CLASS   ABS1           

        CLASS   BIGRAM         

        CLASS   RAM            

        CLASS   BANK0          
                dataBANK0                            C4       C4       28         1
                bssBANK0                             80       80       44         1

        CLASS   BANK1          

        CLASS   BANK2          

        CLASS   BANK3          

        CLASS   BANK4          

        CLASS   BANK5          

        CLASS   BANK6          

        CLASS   BANK7          

        CLASS   BANK8          

        CLASS   BANK9          

        CLASS   BANK10         

        CLASS   BANK11         

        CLASS   BANK12         

        CLASS   BANK13         

        CLASS   BANK14         

        CLASS   BANK15         

        CLASS   SFR            

        CLASS   BIGSFR         

        CLASS   CONFIG         
                config                           300000   300000        E         4

        CLASS   IDLOC          

        CLASS   EEDATA         

        CLASS   FARRAM         

        CLASS   HEAP           

        CLASS   STACK          



SEGMENTS        Name                           Load    Length   Top    Selector   Space  Class

                reset_vec                      000000  000008  000008         0       0  CODE    
                cstackCOMRAM                   000001  00007E  00007F         1       1  COMRAM  
                bssBANK0                       000080  00006C  0000EC        80       1  BANK0   
                smallconst                     001000  00001A  00101A       800       0  SMALLCON
                text26                         00101A  0017A8  0027C2       80D       0  CODE    


UNUSED ADDRESS RANGES

        Name                Unused          Largest block    Delta
        BANK0            0000EC-0000FF               14
        BANK1            000100-0001FF              100
        BANK10           000A00-000AFF              100
        BANK11           000B00-000BFF              100
        BANK12           000C00-000CFF              100
        BANK13           000D00-000DFF              100
        BANK14           000E00-000EFF              100
        BANK15           000F00-000F7F               80
        BANK2            000200-0002FF              100
        BANK3            000300-0003FF              100
        BANK4            000400-0004FF              100
        BANK5            000500-0005FF              100
        BANK6            000600-0006FF              100
        BANK7            000700-0007FF              100
        BANK8            000800-0008FF              100
        BANK9            000900-0009FF              100
        BIGRAM           00007F-00007F                1
                         0000EC-000F7F              E94
        BIGSFR           000F80-000FFF               80
        CODE             000008-000FFF              FF8
                         0027C2-00FFFF             D83E
        COMRAM           00007F-00007F                1
        CONST            000008-000FFF              FF8
                         0027C2-00FFFF             D83E
        EEDATA           F00000-F003FF              400
        IDLOC            200000-200007                8
        MEDIUMCONST      0027C2-00FFFF             D83E
        RAM              0000EC-000F7F              100
        SFR              000F80-000FFF               80
        SMALLCONST       0027C2-00FFFF              100

                                  Symbol Table

?___aldiv                                 cstackCOMRAM 000001
?___almod                                 cstackCOMRAM 000001
Relay_initialize@F2876                    bssCOMRAM    000065
Relay_toggle@F2891                        bssCOMRAM    000062
Relay_turn_off@F2886                      bssCOMRAM    000063
Relay_turn_on@F2881                       bssCOMRAM    000064
__HRAM                                    (abs)        000000
__Habs1                                   abs1         000000
__Hbank0                                  bank0        000000
__Hbank1                                  bank1        000000
__Hbank10                                 bank10       000000
__Hbank11                                 bank11       000000
__Hbank12                                 bank12       000000
__Hbank13                                 bank13       000000
__Hbank14                                 bank14       000000
__Hbank15                                 bank15       000000
__Hbank2                                  bank2        000000
__Hbank3                                  bank3        000000
__Hbank4                                  bank4        000000
__Hbank5                                  bank5        000000
__Hbank6                                  bank6        000000
__Hbank7                                  bank7        000000
__Hbank8                                  bank8        000000
__Hbank9                                  bank9        000000
__Hbigbss                                 bigbss       000000
__Hbigdata                                bigdata      000000
__Hbigram                                 bigram       000000
__Hbigsfr                                 bigsfr       000000
__Hbss                                    bss          000000
__HbssBANK0                               bssBANK0     000000
__HbssCOMRAM                              bssCOMRAM    000000
__Hcinit                                  cinit        000000
__Hclrtext                                clrtext      000000
__Hcomram                                 comram       000000
__Hconfig                                 config       30000E
__Hconst                                  const        000000
__HcstackCOMRAM                           cstackCOMRAM 000000
__Hdata                                   data         000000
__HdataBANK0                              dataBANK0    000000
__HdataCOMRAM                             dataCOMRAM   000000
__Heeprom_data                            eeprom_data  000000
__Hfarbss                                 farbss       000000
__Hfardata                                fardata      000000
__Hheap                                   heap         000000
__Hibigdata                               ibigdata     000000
__Hidata                                  idata        000000
__HidataBANK0                             idataBANK0   000000
__HidataCOMRAM                            idataCOMRAM  000000
__Hidloc                                  idloc        000000
__Hifardata                               ifardata     000000
__Hinit                                   init         000008
__Hintcode                                intcode      000004
__Hintcode_body                           intcode_body 000000
__Hintcodelo                              intcodelo    000004
__Hintentry                               intentry     000000
__Hintret                                 intret       000000
__Hintsave_regs                           intsave_regs 000000
__Hirdata                                 irdata       000000
__Hmediumconst                            mediumconst  000000
__HnvFARRAM                               nvFARRAM     000000
__Hnvbit                                  nvbit        000000
__Hnvrram                                 nvrram       000000
__Hparam                                  rparam       000000
__Hpowerup                                powerup      000004
__Hram                                    ram          000000
__Hramtop                                 ramtop       001000
__Hrbit                                   rbit         000000
__Hrbss                                   rbss         000000
__Hrdata                                  rdata        000000
__Hreset_vec                              reset_vec    000004
__Hrparam                                 rparam       000000
__Hsfr                                    sfr          000000
__Hsmallconst                             smallconst   00101A
__Hspace_0                                (abs)        0027C2
__Hspace_1                                (abs)        0000EC
__Hspace_2                                (abs)        000000
__Hspace_4                                (abs)        60000E
__Hstack                                  stack        000000
__Hstruct                                 struct       000000
__Htemp                                   temp         000000
__Htext                                   text         000000
__Htext0                                  text0        000000
__Htext1                                  text1        000000
__Htext10                                 text10       000000
__Htext11                                 text11       000000
__Htext12                                 text12       000000
__Htext13                                 text13       000000
__Htext14                                 text14       000000
__Htext15                                 text15       000000
__Htext16                                 text16       000000
__Htext17                                 text17       000000
__Htext18                                 text18       000000
__Htext19                                 text19       000000
__Htext2                                  text2        000000
__Htext20                                 text20       000000
__Htext21                                 text21       000000
__Htext22                                 text22       000000
__Htext23                                 text23       000000
__Htext24                                 text24       000000
__Htext25                                 text25       000000
__Htext26                                 text26       000000
__Htext3                                  text3        000000
__Htext4                                  text4        000000
__Htext5                                  text5        000000
__Htext6                                  text6        000000
__Htext7                                  text7        000000
__Htext8                                  text8        000000
__Htext9                                  text9        000000
__LRAM                                    (abs)        000001
__Labs1                                   abs1         000000
__Lbank0                                  bank0        000000
__Lbank1                                  bank1        000000
__Lbank10                                 bank10       000000
__Lbank11                                 bank11       000000
__Lbank12                                 bank12       000000
__Lbank13                                 bank13       000000
__Lbank14                                 bank14       000000
__Lbank15                                 bank15       000000
__Lbank2                                  bank2        000000
__Lbank3                                  bank3        000000
__Lbank4                                  bank4        000000
__Lbank5                                  bank5        000000
__Lbank6                                  bank6        000000
__Lbank7                                  bank7        000000
__Lbank8                                  bank8        000000
__Lbank9                                  bank9        000000
__Lbigbss                                 bigbss       000000
__Lbigdata                                bigdata      000000
__Lbigram                                 bigram       000000
__Lbigsfr                                 bigsfr       000000
__Lbss                                    bss          000000
__LbssBANK0                               bssBANK0     000000
__LbssCOMRAM                              bssCOMRAM    000000
__Lcinit                                  cinit        000000
__Lclrtext                                clrtext      000000
__Lcomram                                 comram       000000
__Lconfig                                 config       000000
__Lconst                                  const        000000
__LcstackCOMRAM                           cstackCOMRAM 000000
__Ldata                                   data         000000
__LdataBANK0                              dataBANK0    000000
__LdataCOMRAM                             dataCOMRAM   000000
__Leeprom_data                            eeprom_data  000000
__Lfarbss                                 farbss       000000
__Lfardata                                fardata      000000
__Lheap                                   heap         000000
__Libigdata                               ibigdata     000000
__Lidata                                  idata        000000
__LidataBANK0                             idataBANK0   000000
__LidataCOMRAM                            idataCOMRAM  000000
__Lidloc                                  idloc        000000
__Lifardata                               ifardata     000000
__Linit                                   init         000004
__Lintcode                                intcode      000004
__Lintcode_body                           intcode_body 000000
__Lintcodelo                              intcodelo    000004
__Lintentry                               intentry     000000
__Lintret                                 intret       000000
__Lintsave_regs                           intsave_regs 000000
__Lirdata                                 irdata       000000
__Lmediumconst                            mediumconst  000000
__LnvFARRAM                               nvFARRAM     000000
__Lnvbit                                  nvbit        000000
__Lnvrram                                 nvrram       000000
__Lparam                                  rparam       000000
__Lpowerup                                powerup      000004
__Lram                                    ram          000000
__Lramtop                                 ramtop       001000
__Lrbit                                   rbit         000000
__Lrbss                                   rbss         000000
__Lrdata                                  rdata        000000
__Lreset_vec                              reset_vec    000000
__Lrparam                                 rparam       000000
__Lsfr                                    sfr          000000
__Lsmallconst                             smallconst   001000
__Lspace_0                                (abs)        000000
__Lspace_1                                (abs)        000000
__Lspace_2                                (abs)        000000
__Lspace_4                                (abs)        000000
__Lstack                                  stack        000000
__Lstruct                                 struct       000000
__Ltemp                                   temp         000000
__Ltext                                   text         000000
__Ltext0                                  text0        000000
__Ltext1                                  text1        000000
__Ltext10                                 text10       000000
__Ltext11                                 text11       000000
__Ltext12                                 text12       000000
__Ltext13                                 text13       000000
__Ltext14                                 text14       000000
__Ltext15                                 text15       000000
__Ltext16                                 text16       000000
__Ltext17                                 text17       000000
__Ltext18                                 text18       000000
__Ltext19                                 text19       000000
__Ltext2                                  text2        000000
__Ltext20                                 text20       000000
__Ltext21                                 text21       000000
__Ltext22                                 text22       000000
__Ltext23                                 text23       000000
__Ltext24                                 text24       000000
__Ltext25                                 text25       000000
__Ltext26                                 text26       000000
__Ltext3                                  text3        000000
__Ltext4                                  text4        000000
__Ltext5                                  text5        000000
__Ltext6                                  text6        000000
__Ltext7                                  text7        000000
__Ltext8                                  text8        000000
__Ltext9                                  text9        000000
__S0                                      (abs)        0027C2
__S1                                      (abs)        0000EC
__S4                                      (abs)        000000
__S5                                      (abs)        000000
___aldiv                                  text10       0018A6
___aldiv@counter                          cstackCOMRAM 000009
___aldiv@dividend                         cstackCOMRAM 000001
___aldiv@divisor                          cstackCOMRAM 000005
___aldiv@quotient                         cstackCOMRAM 00000B
___aldiv@sign                             cstackCOMRAM 00000A
___almod                                  text9        001ABC
___almod@counter                          cstackCOMRAM 000009
___almod@dividend                         cstackCOMRAM 000001
___almod@divisor                          cstackCOMRAM 000005
___almod@sign                             cstackCOMRAM 00000A
___heap_hi                                (abs)        000000
___heap_lo                                (abs)        000000
___inthi_sp                               stack        000000
___intlo_sp                               stack        000000
___param_bank                             (abs)        000000
___rparam_used                            (abs)        000001
___sp                                     stack        000000
__accesstop                               (abs)        000080
__activetblptr                            (abs)        000002
__end_of___aldiv                          text10       0019B2
__end_of___almod                          text9        001BA8
__end_of__initialization                  cinit        002704
__end_of_application_initialize           text15       0027B8
__end_of_gpio_pin_direction_initialize    text26       00123C
__end_of_gpio_pin_write_logic             text25       001ABC
__end_of_lcd_4bit_initialize              text20       001450
__end_of_lcd_4bit_send_char_data          text14       001FA8
__end_of_lcd_4bit_send_command            text22       002060
__end_of_lcd_4bit_send_enable_signal      text24       0021AC
__end_of_lcd_4bit_send_number_at_position text6        0025AC
__end_of_lcd_4bit_send_string_at_position text11       0026AC
__end_of_lcd_4bit_send_string_data        text13       0022E4
__end_of_lcd_4bit_set_position            text12       001D6C
__end_of_lcd_8bit_initialize              text16       001640
__end_of_lcd_8bit_send_char_data          text5        00237A
__end_of_lcd_8bit_send_command            text17       002410
__end_of_lcd_8bit_send_enable_signal      text19       002106
__end_of_lcd_8bit_send_number_at_position text1        002528
__end_of_lcd_8bit_send_string_at_position text2        00262C
__end_of_lcd_8bit_send_string_data        text4        002248
__end_of_lcd_8bit_set_position            text3        001C8A
__end_of_lcd_convert_number_to_string     text7        001798
__end_of_lcd_send_4bits                   text23       001EF0
__end_of_lcd_send_8bits                   text18       001E2E
__end_of_lcd_send_higher_nibble           text21       0024A4
__end_of_main                             text0        0018A6
__end_of_reverse_string                   text8        00276E
__initialization                          cinit        0026AC
__mediumconst                             mediumconst  000000
__pbssBANK0                               bssBANK0     000080
__pbssCOMRAM                              bssCOMRAM    000046
__pcinit                                  cinit        0026AC
__pcstackCOMRAM                           cstackCOMRAM 000001
__pdataBANK0                              dataBANK0    0000C4
__pdataCOMRAM                             dataCOMRAM   000075
__pidataBANK0                             idataBANK0   00276E
__pidataCOMRAM                            idataCOMRAM  0027B8
__psmallconst                             smallconst   001000
__ptext0                                  text0        001798
__ptext1                                  text1        0024A4
__ptext10                                 text10       0018A6
__ptext11                                 text11       00262C
__ptext12                                 text12       001C8A
__ptext13                                 text13       002248
__ptext14                                 text14       001EF0
__ptext15                                 text15       002796
__ptext16                                 text16       001450
__ptext17                                 text17       00237A
__ptext18                                 text18       001D6C
__ptext19                                 text19       002060
__ptext2                                  text2        0025AC
__ptext20                                 text20       00123C
__ptext21                                 text21       002410
__ptext22                                 text22       001FA8
__ptext23                                 text23       001E2E
__ptext24                                 text24       002106
__ptext25                                 text25       0019B2
__ptext26                                 text26       00101A
__ptext3                                  text3        001BA8
__ptext4                                  text4        0021AC
__ptext5                                  text5        0022E4
__ptext6                                  text6        002528
__ptext7                                  text7        001640
__ptext8                                  text8        00270E
__ptext9                                  text9        001ABC
__ramtop                                  ramtop       001000
__smallconst                              smallconst   001000
_application_initialize                   text15       002796
_gpio_pin_direction_initialize            text26       00101A
_gpio_pin_write_logic                     text25       0019B2
_lat_regesters                            dataCOMRAM   000075
_lcd_4bit                                 dataBANK0    0000E6
_lcd_4bit_initialize                      text20       00123C
_lcd_4bit_send_char_data                  text14       001EF0
_lcd_4bit_send_command                    text22       001FA8
_lcd_4bit_send_enable_signal              text24       002106
_lcd_4bit_send_number_at_position         text6        002528
_lcd_4bit_send_string_at_position         text11       00262C
_lcd_4bit_send_string_data                text13       002248
_lcd_4bit_set_position                    text12       001C8A
_lcd_8bit                                 dataBANK0    0000DC
_lcd_8bit_initialize                      text16       001450
_lcd_8bit_send_char_data                  text5        0022E4
_lcd_8bit_send_command                    text17       00237A
_lcd_8bit_send_enable_signal              text19       002060
_lcd_8bit_send_number_at_position         text1        0024A4
_lcd_8bit_send_string_at_position         text2        0025AC
_lcd_8bit_send_string_data                text4        0021AC
_lcd_8bit_set_position                    text3        001BA8
_lcd_convert_number_to_string             text7        001640
_lcd_send_4bits                           text23       001E2E
_lcd_send_8bits                           text18       001D6C
_lcd_send_higher_nibble                   text21       002410
_local_keypad_chars                       bssBANK0     000080
_main                                     text0        001798
_port_regesters                           dataBANK0    0000C4
_reverse_string                           text8        00270E
_rgb_led                                  dataBANK0    0000D8
_tris_regesters                           dataBANK0    0000CE
application_initialize@state              cstackCOMRAM 000024
button_initialize@F2880                   bssCOMRAM    000071
button_read_state@F2886                   bssCOMRAM    000070
dc_motor_initialize@F2878                 bssCOMRAM    00006F
dc_motor_initialize@F2880                 bssCOMRAM    00006E
dc_motor_move_left@F2892                  bssCOMRAM    00006B
dc_motor_move_left@F2894                  bssCOMRAM    00006A
dc_motor_move_right@F2885                 bssCOMRAM    00006D
dc_motor_move_right@F2887                 bssCOMRAM    00006C
end_of_initialization                     cinit        002704
gpio_pin_direction_initialize@_pin_config cstackCOMRAM 000001
gpio_pin_direction_initialize@state       cstackCOMRAM 000009
gpio_pin_write_logic@_pin_config          cstackCOMRAM 000001
gpio_pin_write_logic@logic                cstackCOMRAM 000003
gpio_pin_write_logic@state                cstackCOMRAM 00000A
intlevel0                                 text         000000
intlevel1                                 text         000000
intlevel2                                 text         000000
intlevel3                                 text         000000
isa$std                                   (abs)        000001
isa$xinst                                 (abs)        000000
lcd_4bit_initialize@F2973                 bssCOMRAM    000058
lcd_4bit_initialize@F2975                 bssCOMRAM    000057
lcd_4bit_initialize@F2978                 bssCOMRAM    000056
lcd_4bit_initialize@data_pin              cstackCOMRAM 000023
lcd_4bit_initialize@en_pin                cstackCOMRAM 000022
lcd_4bit_initialize@lcd_4bit              cstackCOMRAM 00001A
lcd_4bit_initialize@local_index           cstackCOMRAM 000020
lcd_4bit_initialize@rs_pin                cstackCOMRAM 000021
lcd_4bit_initialize@state                 cstackCOMRAM 00001F
lcd_4bit_send_char_data@F2990             bssCOMRAM    000054
lcd_4bit_send_char_data@ch                cstackCOMRAM 000016
lcd_4bit_send_char_data@lcd_4bit          cstackCOMRAM 000014
lcd_4bit_send_char_data@rs_pin            cstackCOMRAM 000019
lcd_4bit_send_char_data@state             cstackCOMRAM 000018
lcd_4bit_send_command@F2984               bssCOMRAM    000055
lcd_4bit_send_command@command             cstackCOMRAM 000016
lcd_4bit_send_command@lcd_4bit            cstackCOMRAM 000014
lcd_4bit_send_command@rs_pin              cstackCOMRAM 000019
lcd_4bit_send_command@state               cstackCOMRAM 000018
lcd_4bit_send_enable_signal@F3114         bssCOMRAM    00004C
lcd_4bit_send_enable_signal@en_pin        cstackCOMRAM 00000F
lcd_4bit_send_enable_signal@lcd_4bit      cstackCOMRAM 00000B
lcd_4bit_send_enable_signal@state         cstackCOMRAM 00000E
lcd_4bit_send_number_at_position@col      cstackCOMRAM 00002B
lcd_4bit_send_number_at_position@lcd_4bit cstackCOMRAM 000028
lcd_4bit_send_number_at_position@row      cstackCOMRAM 00002A
lcd_4bit_send_number_at_position@state    cstackCOMRAM 00003C
lcd_4bit_send_number_at_position@str      cstackCOMRAM 000030
lcd_4bit_send_number_at_position@value    cstackCOMRAM 00002C
lcd_4bit_send_string_at_position@col      cstackCOMRAM 000024
lcd_4bit_send_string_at_position@lcd_4bit cstackCOMRAM 000021
lcd_4bit_send_string_at_position@row      cstackCOMRAM 000023
lcd_4bit_send_string_at_position@state    cstackCOMRAM 000027
lcd_4bit_send_string_at_position@str      cstackCOMRAM 000025
lcd_4bit_send_string_data@lcd_4bit        cstackCOMRAM 00001A
lcd_4bit_send_string_data@state           cstackCOMRAM 00001E
lcd_4bit_send_string_data@str             cstackCOMRAM 00001C
lcd_4bit_set_position@col                 cstackCOMRAM 00001D
lcd_4bit_set_position@lcd_4bit            cstackCOMRAM 00001A
lcd_4bit_set_position@row                 cstackCOMRAM 00001C
lcd_4bit_set_position@state               cstackCOMRAM 000020
lcd_8bit_initialize@F3037                 bssCOMRAM    000053
lcd_8bit_initialize@F3039                 bssCOMRAM    000052
lcd_8bit_initialize@F3042                 bssCOMRAM    000051
lcd_8bit_initialize@data_pin              cstackCOMRAM 000023
lcd_8bit_initialize@en_pin                cstackCOMRAM 000022
lcd_8bit_initialize@lcd_8bit              cstackCOMRAM 00001A
lcd_8bit_initialize@local_index           cstackCOMRAM 000020
lcd_8bit_initialize@rs_pin                cstackCOMRAM 000021
lcd_8bit_initialize@state                 cstackCOMRAM 00001F
lcd_8bit_send_char_data@F3054             bssCOMRAM    00004F
lcd_8bit_send_char_data@ch                cstackCOMRAM 000016
lcd_8bit_send_char_data@lcd_8bit          cstackCOMRAM 000014
lcd_8bit_send_char_data@rs_pin            cstackCOMRAM 000019
lcd_8bit_send_char_data@state             cstackCOMRAM 000018
lcd_8bit_send_command@F3048               bssCOMRAM    000050
lcd_8bit_send_command@command             cstackCOMRAM 000016
lcd_8bit_send_command@lcd_8bit            cstackCOMRAM 000014
lcd_8bit_send_command@rs_pin              cstackCOMRAM 000019
lcd_8bit_send_command@state               cstackCOMRAM 000018
lcd_8bit_send_enable_signal@F3138         bssCOMRAM    00004A
lcd_8bit_send_enable_signal@en_pin        cstackCOMRAM 00000F
lcd_8bit_send_enable_signal@lcd_8bit      cstackCOMRAM 00000B
lcd_8bit_send_enable_signal@state         cstackCOMRAM 00000E
lcd_8bit_send_number_at_position@col      cstackCOMRAM 00002B
lcd_8bit_send_number_at_position@lcd_8bit cstackCOMRAM 000028
lcd_8bit_send_number_at_position@row      cstackCOMRAM 00002A
lcd_8bit_send_number_at_position@state    cstackCOMRAM 00003C
lcd_8bit_send_number_at_position@str      cstackCOMRAM 000030
lcd_8bit_send_number_at_position@value    cstackCOMRAM 00002C
lcd_8bit_send_string_at_position@col      cstackCOMRAM 000024
lcd_8bit_send_string_at_position@lcd_8bit cstackCOMRAM 000021
lcd_8bit_send_string_at_position@row      cstackCOMRAM 000023
lcd_8bit_send_string_at_position@state    cstackCOMRAM 000027
lcd_8bit_send_string_at_position@str      cstackCOMRAM 000025
lcd_8bit_send_string_data@lcd_8bit        cstackCOMRAM 00001A
lcd_8bit_send_string_data@state           cstackCOMRAM 00001E
lcd_8bit_send_string_data@str             cstackCOMRAM 00001C
lcd_8bit_set_position@col                 cstackCOMRAM 00001D
lcd_8bit_set_position@lcd_8bit            cstackCOMRAM 00001A
lcd_8bit_set_position@row                 cstackCOMRAM 00001C
lcd_8bit_set_position@state               cstackCOMRAM 000020
lcd_convert_number_to_string@is_negative  cstackCOMRAM 000016
lcd_convert_number_to_string@local_index  cstackCOMRAM 000017
lcd_convert_number_to_string@state        cstackCOMRAM 000015
lcd_convert_number_to_string@str          cstackCOMRAM 000013
lcd_convert_number_to_string@value        cstackCOMRAM 00000F
lcd_send_4bits@F3109                      bssCOMRAM    00004D
lcd_send_4bits@data_or_command            cstackCOMRAM 00000D
lcd_send_4bits@data_pin                   cstackCOMRAM 000012
lcd_send_4bits@lcd_4bit                   cstackCOMRAM 00000B
lcd_send_4bits@local_index                cstackCOMRAM 000013
lcd_send_4bits@state                      cstackCOMRAM 000011
lcd_send_8bits@F3133                      bssCOMRAM    00004B
lcd_send_8bits@data_or_command            cstackCOMRAM 00000D
lcd_send_8bits@data_pin                   cstackCOMRAM 000012
lcd_send_8bits@lcd_8bit                   cstackCOMRAM 00000B
lcd_send_8bits@local_index                cstackCOMRAM 000013
lcd_send_8bits@state                      cstackCOMRAM 000011
lcd_send_higher_nibble@F3102              bssCOMRAM    00004E
lcd_send_higher_nibble@data               cstackCOMRAM 000016
lcd_send_higher_nibble@lcd_4bit           cstackCOMRAM 000014
lcd_send_higher_nibble@rs_pin             cstackCOMRAM 000019
lcd_send_higher_nibble@state              cstackCOMRAM 000018
led_initialize@F2888                      bssCOMRAM    000069
led_toggle@F2903                          bssCOMRAM    000066
led_turn_off@F2898                        bssCOMRAM    000067
led_turn_on@F2893                         bssCOMRAM    000068
main@counter1                             cstackCOMRAM 00003E
main@counter2                             cstackCOMRAM 000042
reverse_string@i                          cstackCOMRAM 000005
reverse_string@j                          cstackCOMRAM 000006
reverse_string@len                        cstackCOMRAM 000003
reverse_string@str                        cstackCOMRAM 000001
reverse_string@temp                       cstackCOMRAM 000004
rgb_led_initialize@F2892                  bssCOMRAM    000061
rgb_led_initialize@F2894                  bssCOMRAM    000060
rgb_led_initialize@F2896                  bssCOMRAM    00005F
rgb_led_turn_off@F2911                    bssCOMRAM    00005B
rgb_led_turn_off@F2913                    bssCOMRAM    00005A
rgb_led_turn_off@F2915                    bssCOMRAM    000059
rgb_led_turn_on@F2902                     bssCOMRAM    00005E
rgb_led_turn_on@F2904                     bssCOMRAM    00005D
rgb_led_turn_on@F2906                     bssCOMRAM    00005C
segment_multi_disable@F2912               bssCOMRAM    000072
segment_multi_enable@F2907                bssCOMRAM    000073
segment_multi_initialize@F2902            bssCOMRAM    000074
stackhi                                   (abs)        000000
stacklo                                   (abs)        000000
start                                     init         000004
start_initialization                      cinit        0026AC


MODULE INFORMATION

Module		Function		Class		Link	Load	Size
ECU/LCD/ecu_lcd.c
		_lcd_4bit_send_number_at_position		CODE           	2528	0000	132
		_lcd_8bit_send_string_data		CODE           	21AC	0000	156
		_reverse_string		CODE           	270E	0000	96
		_lcd_8bit_send_enable_signal		CODE           	2060	0000	166
		_lcd_4bit_send_command		CODE           	1FA8	0000	184
		_lcd_8bit_set_position		CODE           	1BA8	0000	226
		_lcd_4bit_send_char_data		CODE           	1EF0	0000	184
		_lcd_send_4bits		CODE           	1E2E	0000	194
		_lcd_send_8bits		CODE           	1D6C	0000	194
		_lcd_8bit_send_string_at_position		CODE           	25AC	0000	128
		_lcd_convert_number_to_string		CODE           	1640	0000	344
		_lcd_4bit_send_string_data		CODE           	2248	0000	156
		_lcd_4bit_send_enable_signal		CODE           	2106	0000	166
		_lcd_send_higher_nibble		CODE           	2410	0000	148
		_lcd_4bit_set_position		CODE           	1C8A	0000	226
		_lcd_8bit_initialize		CODE           	1450	0000	496
		_lcd_4bit_send_string_at_position		CODE           	262C	0000	128
		_lcd_8bit_send_number_at_position		CODE           	24A4	0000	132
		_lcd_8bit_send_command		CODE           	237A	0000	150
		_lcd_4bit_initialize		CODE           	123C	0000	532
		_lcd_8bit_send_char_data		CODE           	22E4	0000	150

ECU/LCD/ecu_lcd.c estimated size: 4288

C:\Program Files\Microchip\xc8\v2.36\pic\sources\c99\common\almod.c
		___almod       		CODE           	1ABC	0000	236

C:\Program Files\Microchip\xc8\v2.36\pic\sources\c99\common\almod.c estimated size: 236

MCAL/GPIO/hal_gpio.c
		_gpio_pin_write_logic		CODE           	19B2	0000	266
		_gpio_pin_direction_initialize		CODE           	101A	0000	546

MCAL/GPIO/hal_gpio.c estimated size: 812

shared
		__initialization		CODE           	26AC	0000	88

shared estimated size: 88

C:\Program Files\Microchip\xc8\v2.36\pic\sources\c99\common\aldiv.c
		___aldiv       		CODE           	18A6	0000	268

C:\Program Files\Microchip\xc8\v2.36\pic\sources\c99\common\aldiv.c estimated size: 268

application.c
		_application_initialize		CODE           	2796	0000	34
		_main          		CODE           	1798	0000	270

application.c estimated size: 304

